// Jest Snapshot v1, https://goo.gl/fbAQLP

exports[`getCachedApiResponseMiddleware should call the api when the response is not stored in session storage 1`] = `
[MockFunction] {
  "calls": Array [
    Array [
      Object {
        "@@redux-api-middleware/RSAA": Object {
          "endpoint": "test/RSAA",
          "fetch": [Function],
          "types": Array [
            "GET_TOURNAMENT_LEADERS_REQUEST",
          ],
        },
      },
    ],
  ],
  "results": Array [
    Object {
      "type": "return",
      "value": undefined,
    },
  ],
}
`;

exports[`getCachedApiResponseMiddleware should clear the sessionStorage api cached createdTimeStamp is more than API_CACHE_TIMER 1`] = `Storage {}`;
